// Jest Snapshot v1, https://goo.gl/fbAQLP

exports[`test randomFoodPosition Throw Error if no more available space 1`] = `undefined`;
